// Jest Snapshot v1, https://goo.gl/fbAQLP

exports[`renders correctly 1`] = `
.c0 {
  border: 1px solid #ced4da;
  color: #666666;
  font-family: 'Roboto',sans-serif;
  line-height: 1.5;
  border-radius: 4px;
  outline: none;
  padding: 6px 12px;
  font-size: 1rem;
  -webkit-transition: border-color 0.25s,box-shadow 0.25s;
  transition: border-color 0.25s,box-shadow 0.25s;
  display: block;
  width: 100%;
  box-sizing: border-box;
  background-color: white;
  box-shadow: 0 0 0 0 transparent;
}

.c0:hover,
.c0:focus {
  border-color: #159ecb;
}

.c0:focus {
  box-shadow: 0 0 0 3px rgba(21,158,203,0.3);
}

<textarea
  className="c0"
  disabled={false}
  rows={3}
  type="text"
/>
`;
