// Vitest Snapshot v1, https://vitest.dev/guide/snapshot.html

exports[`getFormValuesByOppilaitos returns correct form values given oppilaitos 1`] = `
{
  "esikatselu": false,
  "esittely": {
    "fi": "<p><em>Fi esittely</em></p>",
    "sv": "<p><em>Sv esittely</em></p>",
  },
  "hakijapalveluidenYhteystiedot": {
    "kayntiosoite": {
      "fi": "Fi osoite",
      "sv": "Sv osoite",
    },
    "kayntiosoitePostinumero": {
      "fi": {
        "value": "postinumero_1#1",
      },
      "sv": {
        "value": "postinumero_2#1",
      },
    },
    "nimi": {
      "fi": "Hakijapalveluiden nimi",
      "sv": "Hakijapalveluiden nimi sv",
    },
    "postinumero": {
      "fi": {
        "value": "postinumero_1#1",
      },
      "sv": {
        "value": "postinumero_2#1",
      },
    },
    "postiosoite": {
      "fi": "Fi osoite",
      "sv": "Sv osoite",
    },
    "puhelinnumero": {
      "fi": "1234",
      "sv": "5678",
    },
    "sahkoposti": {
      "fi": "fi@sahkoposti.fi",
      "sv": "sv@sahkoposti.sv",
    },
  },
  "kieliversiot": [
    "fi",
    "sv",
  ],
  "perustiedot": {
    "akatemioita": 1,
    "jarjestaaUrheilijanAmmKoulutusta": true,
    "kampuksia": 3,
    "korkeakouluja": 5,
    "logo": undefined,
    "opiskelijoita": 100,
    "some": {},
    "tiedekuntia": 4,
    "toimipisteita": 9,
    "wwwSivuNimi": {
      "fi": "Verkkosivu fi",
      "sv": "Verkkosivu sv",
    },
    "wwwSivuUrl": {
      "fi": "www.verkkosivu.fi",
      "sv": "www.verkkosivu.sv",
    },
    "yksikoita": 2,
  },
  "teemakuvaOrEsittelyvideo": {
    "esittelyvideoUrl": {},
    "mediaType": "teemakuva",
    "teemakuvaUrl": undefined,
  },
  "tietoa": {
    "osiot": [
      {
        "value": "osio_1#1",
      },
    ],
    "tiedot": {
      "osio_1#1": {
        "fi": "<p>Fi tiedot</p>",
        "sv": "<p>Sv tiedot</p>",
      },
    },
  },
  "tila": "tallennettu",
}
`;
