// Jest Snapshot v1, https://goo.gl/fbAQLP

exports[`getFormValuesByOppilaitos returns correct form values given oppilaitos 1`] = `
Object {
  "esikatselu": false,
  "esittely": Object {
    "fi": "<p><em>Fi esittely</em></p>",
    "sv": "<p><em>Sv esittely</em></p>",
  },
  "kieliversiot": Array [
    "fi",
    "sv",
  ],
  "perustiedot": Object {
    "akatemioita": 1,
    "kampuksia": 3,
    "korkeakouluja": 5,
    "logo": undefined,
    "opiskelijoita": 100,
    "tiedekuntia": 4,
    "toimipisteita": 9,
    "yksikoita": 2,
  },
  "teemakuva": undefined,
  "tietoa": Object {
    "osiot": Array [
      Object {
        "value": "osio_1#1",
      },
    ],
    "tiedot": Object {
      "osio_1#1": Object {
        "fi": "<p>Fi tiedot</p>",
        "sv": "<p>Sv tiedot</p>",
      },
    },
  },
  "tila": "tallennettu",
  "yhteystiedot": Object {
    "osoite": Object {
      "fi": "Fi osoite",
      "sv": "Sv osoite",
    },
    "postinumero": Object {
      "value": "postinumero_1#1",
    },
    "puhelinnumero": Object {
      "fi": "1234",
      "sv": "5678",
    },
    "sahkoposti": Object {
      "fi": "fi@sahkoposti.fi",
      "sv": "sv@sahkoposti.sv",
    },
    "verkkosivu": Object {
      "fi": "www.verkkosivu.fi",
      "sv": "www.verkkosivu.sv",
    },
  },
}
`;
