// Jest Snapshot v1, https://goo.gl/fbAQLP

exports[`getOppilaitosByFormValues returns correct oppilaitos given form values 1`] = `
Object {
  "esikatselu": false,
  "kielivalinta": Array [
    "fi",
    "sv",
  ],
  "logo": undefined,
  "metadata": Object {
    "akatemioita": 1,
    "esittely": Object {
      "fi": "<p><em>Fi esittely</em></p>",
      "sv": "<p><em>Sv esittely</em></p>",
    },
    "hakijapalveluidenYhteystiedot": Object {
      "kayntiosoite": Object {
        "osoite": Object {
          "fi": "Fi osoite",
          "sv": "Sv osoite",
        },
        "postinumeroKoodiUri": "postinumero_1#1",
      },
      "nimi": Object {
        "fi": "Hakijapalveluiden nimi",
        "sv": "Hakijapalveluiden nimi sv",
      },
      "postiosoite": Object {
        "osoite": Object {
          "fi": "Fi osoite",
          "sv": "Sv osoite",
        },
        "postinumeroKoodiUri": "postinumero_1#1",
      },
      "puhelinnumero": Object {
        "fi": "1234",
        "sv": "5678",
      },
      "sahkoposti": Object {
        "fi": "fi@sahkoposti.fi",
        "sv": "sv@sahkoposti.sv",
      },
    },
    "jarjestaaUrheilijanAmmKoulutusta": false,
    "kampuksia": 3,
    "korkeakouluja": 5,
    "opiskelijoita": 100,
    "tiedekuntia": 4,
    "tietoaOpiskelusta": Array [
      Object {
        "otsikkoKoodiUri": "osio_1#1",
        "teksti": Object {
          "fi": "<p>Fi tiedot</p>",
          "sv": "<p>Sv tiedot</p>",
        },
      },
    ],
    "toimipisteita": 9,
    "wwwSivu": Object {
      "nimi": Object {
        "fi": "Verkkosivu fi",
        "sv": "Verkkosivu sv",
      },
      "url": Object {
        "fi": "www.verkkosivu.fi",
        "sv": "www.verkkosivu.sv",
      },
    },
    "yhteystiedot": Array [
      Object {
        "kayntiosoite": Object {
          "osoite": Object {
            "fi": "Fi osoite",
            "sv": "Sv osoite",
          },
          "postinumeroKoodiUri": "postinumero_1#1",
        },
        "nimi": Object {
          "fi": "Yhteystiedon nimi",
          "sv": "Yhteystiedon nimi sv",
        },
        "postiosoite": Object {
          "osoite": Object {
            "fi": "Fi osoite",
            "sv": "Sv osoite",
          },
          "postinumeroKoodiUri": "postinumero_1#1",
        },
        "puhelinnumero": Object {
          "fi": "1234",
          "sv": "5678",
        },
        "sahkoposti": Object {
          "fi": "fi@sahkoposti.fi",
          "sv": "sv@sahkoposti.sv",
        },
      },
    ],
    "yksikoita": 2,
  },
  "muokkaaja": "1.1.1.1",
  "teemakuva": undefined,
  "tila": "tallennettu",
}
`;
