// Jest Snapshot v1, https://goo.gl/fbAQLP

exports[`getFormValuesBySoraKuvaus returns correct form values given sora-kuvaus 1`] = `
Object {
  "kieliversiot": Array [],
  "koulutukset": Array [
    Object {
      "value": "koulutus_754101#7",
    },
  ],
  "koulutusala": Object {
    "value": "kansallinenkoulutusluokitus2016koulutusalataso2_073#1",
  },
  "koulutustyyppi": "amm",
  "tiedot": Object {
    "kuvaus": Object {
      "fi": "<p><strong>Kuvaus fi</strong></p>",
      "sv": "<p><em>Kuvaus sv</em></p>",
    },
    "nimi": Object {
      "fi": "Fi nimi",
      "sv": "Sv nimi",
    },
  },
  "tila": "tallennettu",
}
`;
