// Vitest Snapshot v1, https://vitest.dev/guide/snapshot.html

exports[`getFormValuesByToteutus returns correct form values given toteutus 1`] = `
{
  "description": {
    "kuvaus": {
      "fi": "<p>Fi toteutuksenkuvaus</p>",
      "sv": "<p>Sv toteutuksenkuvaus</p>",
    },
    "osaamistavoitteet": {
      "fi": "<p>Fi osaamistavoitteet</p>",
      "sv": "<p>Sv osaamistavoitteet</p>",
    },
  },
  "esikatselu": false,
  "externalId": "ext1",
  "hakeutumisTaiIlmoittautumistapa": {
    "aloituspaikat": "251",
    "aloituspaikkakuvaus": {
      "fi": "<p>Aloituspaikan kuvaus - fi</p>",
      "sv": "<p>Aloituspaikan kuvaus - sv</p>",
    },
    "hakeutumisTaiIlmoittautumistapa": undefined,
    "hakuTapa": undefined,
    "hakuaikaAlkaa": undefined,
    "hakuaikaPaattyy": undefined,
    "isHakukohteetKaytossa": undefined,
    "linkki": undefined,
    "lisatiedot": {},
    "lisatiedotValintaperusteista": {},
  },
  "jarjestamistiedot": {
    "ajankohta": {
      "ajankohtaKaytossa": true,
      "ajankohtaTyyppi": "tarkka alkamisajankohta",
      "henkilokohtaisenSuunnitelmanLisatiedot": {},
      "kausi": "kausi_k#1",
      "tarkkaAlkaa": "2021-04-16T00:00",
      "tarkkaPaattyy": "2021-12-12T00:00",
      "vuosi": {
        "value": 2020,
      },
    },
    "apurahaKuvaus": {
      "fi": "<p>Fi apurahakuvaus</p>",
      "sv": "<p>Sv apurahakuvaus</p>",
    },
    "apurahaMaaraTyyppi": "range",
    "apurahaMax": 200,
    "apurahaMin": 100,
    "apurahaYksikko": {
      "value": "euro",
    },
    "diplomit": {
      "linkit": [
        {
          "alt": {
            "fi": "Suomeksi",
            "sv": "På svenska",
          },
          "url": {
            "fi": "http://linkki.fi",
            "sv": "http://link.se",
          },
        },
      ],
      "valinnat": [
        {
          "value": "moduulikoodistolops2021_kald3#1",
        },
      ],
    },
    "kielivalikoima": {
      "A1Kielet": [
        {
          "value": "kieli_1#1",
        },
      ],
      "A2Kielet": [
        {
          "value": "kieli_2#1",
        },
      ],
      "B1Kielet": [
        {
          "value": "kieli_3#1",
        },
      ],
      "B2Kielet": [
        {
          "value": "kieli_4#1",
        },
      ],
      "B3Kielet": [
        {
          "value": "kieli_5#1",
        },
      ],
      "aidinkielet": [
        {
          "value": "kieli_6#1",
        },
      ],
      "muutKielet": [
        {
          "value": "kieli_7#1",
        },
      ],
    },
    "maksullisuusKuvaus": {
      "fi": "<p>Fi maksullisuuskuvaus</p>",
      "sv": "<p>Sv maksullisuuskuvaus</p>",
    },
    "maksullisuustyyppi": "maksullinen",
    "maksunMaara": 500,
    "onkoApuraha": true,
    "opetusaika": [
      "opetusaika_1#1",
    ],
    "opetusaikaKuvaus": {
      "fi": "<p>Fi aikakuvaus</p>",
      "sv": "<p>Sv aikakuvaus</p>",
    },
    "opetuskieli": [
      "opetuskieli_1#1",
      "opetuskieli_2#1",
    ],
    "opetuskieliKuvaus": {
      "fi": "<p>Fi kielikuvaus</p>",
      "sv": "<p>Sv kielikuvaus</p>",
    },
    "opetustapa": [
      "opetustapa_1#1",
      "opetustapa_2#1",
    ],
    "opetustapaKuvaus": {
      "fi": "<p>Fi tapakuvaus</p>",
      "sv": "<p>Sv tapakuvaus</p>",
    },
    "osioKuvaukset": {
      "osio_1#1": {
        "fi": "<p>Fi kuvaus1</p>",
        "sv": "<p>Sv kuvaus1</p>",
      },
      "osio_2#1": {
        "fi": "<p>Fi kuvaus2</p>",
        "sv": "<p>Sv kuvaus2</p>",
      },
    },
    "osiot": [
      {
        "value": "osio_1#1",
      },
      {
        "value": "osio_2#1",
      },
    ],
    "suunniteltuKesto": {
      "kuukautta": 6,
      "vuotta": 2,
    },
    "suunniteltuKestoKuvaus": {
      "fi": "<p>Fi suunniteltuKestoKuvaus</p>",
      "sv": "<p>Sv suunniteltuKestoKuvaus</p>",
    },
  },
  "kieliversiot": [
    "fi",
    "sv",
  ],
  "koulutustyyppi": undefined,
  "lukiolinjat": {
    "erityisetKoulutustehtavat": {
      "kaytossa": true,
      "kuvaukset": {
        "erityinenkoulutustehtava_1#1": {
          "fi": "<p>erityinen koulutustehtävä 1 fi</p>",
          "sv": "<p>erityinen koulutustehtävä 1 sv</p>",
        },
      },
      "valinnat": [
        {
          "value": "erityinenkoulutustehtava_1#1",
        },
      ],
    },
    "painotukset": {
      "kaytossa": true,
      "kuvaukset": {
        "painotus_1#1": {
          "fi": "<p>painotus 1 fi</p>",
          "sv": "<p>painotus 1 sv</p>",
        },
      },
      "valinnat": [
        {
          "value": "painotus_1#1",
        },
      ],
    },
    "yleislinja": true,
  },
  "nayttamistiedot": {
    "ammattinimikkeet": {
      "fi": [
        {
          "label": "nimike1",
          "value": "nimike1",
        },
      ],
      "sv": [
        {
          "label": "nimike2",
          "value": "nimike2",
        },
      ],
    },
    "avainsanat": {
      "fi": [
        {
          "label": "avainsana1",
          "value": "avainsana1",
        },
      ],
      "sv": [
        {
          "label": "avainsana2",
          "value": "avainsana2",
        },
      ],
    },
  },
  "opintojaksojenLiittaminen": {
    "opintojaksot": [],
  },
  "organisaatioOid": undefined,
  "osaamisalat": {
    "osaamisalaLinkit": {
      "osaamisala1": {
        "fi": "Fi linkki1",
        "sv": "Sv linkki1",
      },
      "osaamisala2": {
        "fi": "Fi linkki2",
        "sv": "Sv linkki2",
      },
    },
    "osaamisalaLinkkiOtsikot": {
      "osaamisala1": {
        "fi": "Fi otsikko1",
        "sv": "Sv otsikko1",
      },
      "osaamisala2": {
        "fi": "Fi otsikko2",
        "sv": "Sv otsikko2",
      },
    },
    "osaamisalat": [
      "osaamisala1",
      "osaamisala2",
    ],
  },
  "osaamismerkkienLiittaminen": {
    "osaamismerkit": [],
  },
  "soraKuvaus": undefined,
  "tarjoajat": [
    "org1",
    "org2",
  ],
  "teemakuva": undefined,
  "tiedot": {
    "ammatillinenPerustutkintoErityisopetuksena": true,
    "hasJotpaRahoitus": false,
    "ilmoittautumislinkki": {
      "fi": "Fi linkki",
      "sv": "Sv linkki",
    },
    "isAvoinKorkeakoulutus": false,
    "isPieniOsaamiskokonaisuus": false,
    "isTaydennyskoulutus": false,
    "isTyovoimakoulutus": false,
    "jarjestetaanErityisopetuksena": false,
    "laajuusNumeroTyyppi": "range",
    "nimi": {
      "fi": "Fi nimi",
      "sv": "Sv nimi",
    },
    "opinnonTyyppi": {
      "value": undefined,
    },
    "opintojenLaajuusNumero": "25",
    "opintojenLaajuusNumeroMax": 35,
    "opintojenLaajuusNumeroMin": 30,
    "opintojenLaajuusyksikko": {
      "value": "laajuus_1#1",
    },
    "suoritetaanNayttona": false,
    "taiteenalat": [
      {
        "value": "taiteenperusopetustaiteenala_sirkustaide",
      },
      {
        "value": "taiteenperusopetustaiteenala_sanataide",
      },
    ],
    "tunniste": undefined,
  },
  "tila": "tallennettu",
  "toteutusjaksot": [
    {
      "ilmoittautumislinkki": {
        "fi": "Fi linkki",
        "sv": "Sv linkki",
      },
      "koodi": "koodi 123",
      "kuvaus": {
        "fi": "<p>Fi kuvaus</p>",
        "sv": "<p>Sv kuvaus</p>",
      },
      "laajuus": {
        "fi": "Fi laajuus",
        "sv": "Sv laajuus",
      },
      "nimi": {
        "fi": "Fi nimi",
        "sv": "Sv nimi",
      },
      "sisalto": [
        {
          "data": {
            "fi": "<h2>Fi sisalto</h2>",
            "sv": "<h2>Sv sisalto</h2>",
          },
          "tyyppi": "teksti",
        },
        {
          "data": {
            "rows": [
              {
                "columns": [
                  {
                    "index": 0,
                    "text": {
                      "fi": "Fi column1",
                      "sv": "Sv column1",
                    },
                  },
                  {
                    "index": 1,
                    "text": {
                      "fi": "Fi column2",
                      "sv": "Sv column2",
                    },
                  },
                ],
                "index": 0,
              },
              {
                "columns": [
                  {
                    "index": 0,
                    "text": {
                      "fi": "Fi column3",
                      "sv": "Sv column3",
                    },
                  },
                  {
                    "index": 1,
                    "text": {
                      "fi": "Fi column4",
                      "sv": "Sv column4",
                    },
                  },
                ],
                "index": 1,
              },
            ],
          },
          "tyyppi": "taulukko",
        },
      ],
    },
  ],
  "yhteyshenkilot": [
    {
      "nimi": {
        "fi": "Fi nimi",
        "sv": "Sv nimi",
      },
      "puhelinnumero": {
        "fi": "Fi puhelinnumero",
        "sv": "Sv puhelinnumero",
      },
      "sahkoposti": {
        "fi": "Fi sähköposti",
        "sv": "Sv sähköposti",
      },
      "titteli": {
        "fi": "Fi titteli",
        "sv": "Sv titteli",
      },
      "verkkosivu": {
        "fi": "Fi verkkosivu",
        "sv": "Sv verkkosivu",
      },
      "verkkosivuTeksti": {},
    },
  ],
}
`;
