// Jest Snapshot v1, https://goo.gl/fbAQLP

exports[`getToteutusByFormValues returns correct toteutus given form values 1`] = `
Object {
  "esikatselu": false,
  "externalId": "ext1",
  "kielivalinta": Array [
    "fi",
    "sv",
  ],
  "metadata": Object {
    "alemmanKorkeakoulututkinnonOsaamisalat": Array [
      Object {
        "kuvaus": Object {
          "fi": "<p>Fi alempikuvaus</p>",
          "sv": "<p>Sv alempikuvaus</p>",
        },
        "linkki": Object {
          "fi": "Fi alempilinkki",
          "sv": "Sv alempilinkki",
        },
        "nimi": Object {
          "fi": "Fi alempinimi",
          "sv": "Sv alempinimi",
        },
        "otsikko": Object {
          "fi": "Fi alempiotsikko",
          "sv": "Sv alempiotsikko",
        },
      },
    ],
    "aloituspaikat": 56,
    "ammatillinenPerustutkintoErityisopetuksena": false,
    "ammattinimikkeet": Array [
      Object {
        "arvo": "nimike1",
        "kieli": "fi",
      },
      Object {
        "arvo": "nimike2",
        "kieli": "sv",
      },
    ],
    "asiasanat": Array [
      Object {
        "arvo": "avainsana1",
        "kieli": "fi",
      },
      Object {
        "arvo": "avainsana2",
        "kieli": "sv",
      },
    ],
    "diplomit": Array [
      Object {
        "koodiUri": "moduulikoodistolops2021_kald3#1",
        "linkinAltTeksti": Object {
          "fi": "Suomeksi 1",
          "sv": "På svenska 1",
        },
        "linkki": Object {
          "fi": "http://linkki1.fi",
          "sv": "http://link1.se",
        },
      },
      Object {
        "koodiUri": "moduulikoodistolops2021_tald7#1",
        "linkinAltTeksti": Object {
          "fi": "Suomeksi 2",
          "sv": "På svenska 2",
        },
        "linkki": Object {
          "fi": "http://linkki2.fi",
          "sv": "http://link2.se",
        },
      },
    ],
    "erityisetKoulutustehtavat": Array [
      Object {
        "koodiUri": "erityinenkoulutustehtava_1#1",
        "kuvaus": Object {
          "fi": "<p>Fi erityinen koulutustehtävä 1 kuvaus</p>",
          "sv": "<p>Sv erityinen koulutustehtävä 1 kuvaus</p>",
        },
      },
      Object {
        "koodiUri": "erityinenkoulutustehtava_2#1",
        "kuvaus": Object {
          "fi": "<p>Fi erityinen koulutustehtävä 2 kuvaus</p>",
          "sv": "<p>Sv erityinen koulutustehtävä 2 kuvaus</p>",
        },
      },
    ],
    "hakuaika": null,
    "hakulomakeLinkki": Object {},
    "hakulomaketyyppi": "muu",
    "hakutermi": "ilmoittautuminen",
    "ilmoittautumislinkki": Object {
      "fi": "Fi linkki",
      "sv": "Sv linkki",
    },
    "kielivalikoima": Object {
      "A1Kielet": Array [
        "kieli_1#1",
      ],
      "A2Kielet": Array [
        "kieli_2#1",
      ],
      "B1Kielet": Array [
        "kieli_3#1",
      ],
      "B2Kielet": Array [
        "kieli_4#1",
      ],
      "B3Kielet": Array [
        "kieli_5#1",
      ],
      "aidinkielet": Array [
        "kieli_6#1",
      ],
      "muutKielet": Array [
        "kieli_7#1",
      ],
    },
    "kuvaus": Object {
      "fi": "<p>Fi toteutuksenkuvaus</p>",
      "sv": "<p>Sv toteutuksenkuvaus</p>",
    },
    "laajuus": 252,
    "laajuusyksikkoKoodiUri": "laajuus_1#1",
    "lisatietoaHakeutumisesta": Object {
      "fi": "<p>Fi lisatiedot</p>",
      "sv": "<p>Sv sisalto</p>",
    },
    "lisatietoaValintaperusteista": Object {},
    "opetus": Object {
      "apuraha": Object {
        "kuvaus": Object {
          "fi": "<p>Fi apurahakuvaus</p>",
          "sv": "<p>Sv apurahakuvaus</p>",
        },
        "max": 200,
        "min": 100,
        "yksikko": "euro",
      },
      "koulutuksenAlkamiskausi": Object {
        "alkamiskausityyppi": "alkamiskausi ja -vuosi",
        "henkilokohtaisenSuunnitelmanLisatiedot": Object {},
        "koulutuksenAlkamiskausiKoodiUri": "alkamiskausi_1#1",
        "koulutuksenAlkamispaivamaara": null,
        "koulutuksenAlkamisvuosi": 2020,
        "koulutuksenPaattymispaivamaara": null,
      },
      "lisatiedot": Array [
        Object {
          "otsikkoKoodiUri": "osio_1#1",
          "teksti": Object {
            "fi": "<p>Fi kuvaus1</p>",
            "sv": "<p>Sv kuvaus1</p>",
          },
        },
        Object {
          "otsikkoKoodiUri": "osio_2#1",
          "teksti": Object {
            "fi": "<p>Fi kuvaus2</p>",
            "sv": "<p>Sv kuvaus2</p>",
          },
        },
      ],
      "maksullisuusKuvaus": Object {
        "fi": "<p>Fi maksullisuuskuvaus</p>",
        "sv": "<p>Sv maksullisuuskuvaus</p>",
      },
      "maksullisuustyyppi": "maksullinen",
      "maksunMaara": 50.5,
      "onkoApuraha": true,
      "opetusaikaKoodiUrit": Array [
        "opetusaika_1#1",
        "opetusaika_2#1",
      ],
      "opetusaikaKuvaus": Object {
        "fi": "<p>Fi aikakuvaus</p>",
        "sv": "<p>Sv aikakuvaus</p>",
      },
      "opetuskieletKuvaus": Object {
        "fi": "<p>Fi kielikuvaus</p>",
        "sv": "<p>Sv kielikuvaus</p>",
      },
      "opetuskieliKoodiUrit": Array [
        "oppilaitoksenopetuskieli_1#1",
        "oppilaitoksenopetuskieli_2#1",
        "oppilaitoksenopetuskieli_4#1",
      ],
      "opetustapaKoodiUrit": Array [
        "opetustapa_1#1",
        "opetustapa_2#1",
      ],
      "opetustapaKuvaus": Object {
        "fi": "<p>Fi tapakuvaus</p>",
        "sv": "<p>Sv tapakuvaus</p>",
      },
      "suunniteltuKestoKuukaudet": 6,
      "suunniteltuKestoKuvaus": Object {
        "fi": "<p>Fi aikakuvaus</p>",
        "sv": "<p>Sv aikakuvaus</p>",
      },
      "suunniteltuKestoVuodet": 2,
    },
    "osaamisalat": Array [
      Object {
        "koodiUri": "osaamisala1",
        "linkki": Object {
          "fi": "Fi linkki1",
          "sv": "Sv linkki1",
        },
        "otsikko": Object {
          "fi": "Fi otsikko1",
          "sv": "Sv otsikko1",
        },
      },
      Object {
        "koodiUri": "osaamisala2",
        "linkki": Object {
          "fi": "Fi linkki2",
          "sv": "Sv linkki2",
        },
        "otsikko": Object {
          "fi": "Fi otsikko2",
          "sv": "Sv otsikko2",
        },
      },
    ],
    "painotukset": Array [
      Object {
        "koodiUri": "painotus_1#1",
        "kuvaus": Object {
          "fi": "<p>Fi painotus 1 kuvaus</p>",
          "sv": "<p>Sv painotus 1 kuvaus</p>",
        },
      },
      Object {
        "koodiUri": "painotus_2#1",
        "kuvaus": Object {
          "fi": "<p>Fi painotus 2 kuvaus</p>",
          "sv": "<p>Sv painotus 2 kuvaus</p>",
        },
      },
    ],
    "toteutusjaksot": Array [
      Object {
        "ilmoittautumislinkki": Object {
          "fi": "Fi linkki",
          "sv": "Sv linkki",
        },
        "koodi": "koodi 123",
        "kuvaus": Object {
          "fi": "<p>Fi kuvaus</p>",
          "sv": "<p>Sv kuvaus</p>",
        },
        "laajuus": Object {
          "fi": "Fi laajuus",
          "sv": "Sv laajuus",
        },
        "nimi": Object {
          "fi": "Fi nimi",
          "sv": "Sv nimi",
        },
        "sisalto": Array [
          Object {
            "data": Object {
              "fi": "<h2>Fi sisalto</h2>",
              "sv": "<h2>Sv sisalto</h2>",
            },
            "tyyppi": "teksti",
          },
          Object {
            "data": Object {
              "rows": Array [
                Object {
                  "columns": Array [
                    Object {
                      "index": 0,
                      "text": Object {
                        "fi": "Fi column1",
                        "sv": "Sv column1",
                      },
                    },
                    Object {
                      "index": 1,
                      "text": Object {
                        "fi": "Fi column2",
                        "sv": "Sv column2",
                      },
                    },
                  ],
                  "index": 0,
                },
                Object {
                  "columns": Array [
                    Object {
                      "index": 0,
                      "text": Object {
                        "fi": "Fi column3",
                        "sv": "Sv column3",
                      },
                    },
                    Object {
                      "index": 1,
                      "text": Object {
                        "fi": "Fi column4",
                        "sv": "Sv column4",
                      },
                    },
                  ],
                  "index": 1,
                },
              ],
            },
            "tyyppi": "taulukko",
          },
        ],
      },
    ],
    "tuvaErityisopetuksena": undefined,
    "tyyppi": "amk",
    "yhteyshenkilot": Array [
      Object {
        "nimi": Object {
          "fi": "Fi nimi",
          "sv": "Sv nimi",
        },
        "puhelinnumero": Object {
          "fi": "Fi puhelinnumero",
          "sv": "Sv puhelinnumero",
        },
        "sahkoposti": Object {
          "fi": "Fi sähköposti",
          "sv": "Sv sähköposti",
        },
        "titteli": Object {
          "fi": "Fi titteli",
          "sv": "Sv titteli",
        },
        "wwwSivu": Object {
          "fi": "Fi verkkosivu",
          "sv": "Sv verkkosivu",
        },
      },
    ],
    "yleislinja": true,
    "ylemmanKorkeakoulututkinnonOsaamisalat": Array [
      Object {
        "kuvaus": Object {
          "fi": "<p>Fi ylempikuvaus</p>",
          "sv": "<p>Sv ylempikuvaus</p>",
        },
        "linkki": Object {
          "fi": "Fi ylempilinkki",
          "sv": "Sv ylempilinkki",
        },
        "nimi": Object {
          "fi": "Fi ylempinimi",
          "sv": "Sv ylempinimi",
        },
        "otsikko": Object {
          "fi": "Fi ylempiotsikko",
          "sv": "Sv ylempiotsikko",
        },
      },
    ],
  },
  "muokkaaja": undefined,
  "nimi": Object {
    "fi": "Fi nimi",
    "sv": "Sv nimi",
  },
  "sorakuvausId": null,
  "tarjoajat": Array [
    "org1",
    "org2",
  ],
  "teemakuva": undefined,
  "tila": "julkaistu",
}
`;
