exports[`createHakuForm > should be able to create haku #0`] =
{
  "ajastettuJulkaisu": "2019-12-05T06:45",
  "alkamiskausiKoodiUri": "kausi_0#1",
  "alkamisvuosi": 2020,
  "hakuajat": [
    {
      "alkaa": "2019-04-02T10:45",
      "paattyy": "2019-11-25T23:59"
    }
  ],
  "hakukohteenLiittamisenTakaraja": "2019-12-24T21:20",
  "hakukohteenMuokkaamisenTakaraja": "2019-12-11T19:15",
  "hakulomakeAtaruId": "lomake_1",
  "hakulomakeKuvaus": {},
  "hakulomakeLinkki": {},
  "hakulomaketyyppi": "ataru",
  "hakutapaKoodiUri": "hakutapa_01#1",
  "kielivalinta": [
    "fi"
  ],
  "kohdejoukkoKoodiUri": "haunkohdejoukko_12#1",
  "kohdejoukonTarkenneKoodiUri": "haunkohdejoukontarkenne_0#1",
  "metadata": {
    "tulevaisuudenAikataulu": [
      {
        "alkaa": "2019-10-11T09:05",
        "paattyy": "2019-12-25T20:30"
      }
    ],
    "yhteyshenkilot": [
      {
        "nimi": {
          "fi": "nimi"
        },
        "puhelinnumero": {
          "fi": "puhelin"
        },
        "sahkoposti": {
          "fi": "sähkoposti"
        },
        "titteli": {
          "fi": "titteli"
        },
        "wwwSivu": {
          "fi": "verkkosivu"
        }
      }
    ]
  },
  "muokkaaja": "1.2.246.562.24.62301161440",
  "nimi": {
    "fi": "haun nimi"
  },
  "organisaatioOid": "1.1.1.1.1.1",
  "tila": "julkaistu"
};
