exports[`editOppilaitosForm > should be able to edit oppilaitos #0`] =
{
  "kielivalinta": [
    "fi"
  ],
  "logo": null,
  "metadata": {
    "akatemioita": 1,
    "esittely": {
      "fi": "<p><em>Fi esittely</em></p>"
    },
    "kampuksia": 3,
    "korkeakouluja": 5,
    "opiskelijoita": 100,
    "tiedekuntia": 4,
    "tietoaOpiskelusta": [
      {
        "otsikkoKoodiUri": "organisaationkuvaustiedot_0#1",
        "teksti": {
          "fi": "Fi tiedot"
        }
      }
    ],
    "toimipisteita": 9,
    "yhteystiedot": {
      "osoite": {
        "osoite": {
          "fi": "Fi osoite"
        },
        "postinumeroKoodiUri": "posti_0#2"
      },
      "puhelinnumero": {
        "fi": "1234"
      },
      "sahkoposti": {
        "fi": "fi@sahkoposti.fi"
      },
      "wwwSivu": {
        "fi": "www.verkkosivu.fi"
      }
    },
    "yksikoita": 2
  },
  "muokkaaja": "1.2.246.562.24.62301161440",
  "oid": "1.1.1.1.1.1",
  "organisaatioOid": "1.1.1.1.1.1",
  "teemakuva": null,
  "tila": "tallennettu"
};
