// Jest Snapshot v1, https://goo.gl/fbAQLP

exports[`renders correctly 1`] = `
.c0 {
  margin: 0px;
  padding: 0px;
  line-height: 1.5;
  font-family: 'Roboto',sans-serif;
  font-size: 1rem;
  color: #666666;
}

<span
  className="c0"
>
  Hello world!
</span>
`;

exports[`renders correctly with variant 1`] = `
Array [
  .c0 {
  margin: 0px;
  padding: 0px;
  line-height: 1.5;
  font-family: 'Roboto',sans-serif;
  font-size: 1rem;
  color: #666666;
}

<span
    className="c0"
  >
    Body
  </span>,
  .c0 {
  margin: 0px;
  padding: 0px;
  line-height: 1.2;
  font-family: 'Roboto',sans-serif;
  color: #2a2a2a;
  font-weight: 500;
  font-size: 3rem;
}

<h1
    className="c0"
  >
    Heading 1
  </h1>,
  .c0 {
  margin: 0px;
  padding: 0px;
  line-height: 1.2;
  font-family: 'Roboto',sans-serif;
  color: #2a2a2a;
  font-weight: 500;
  font-size: 2.5rem;
}

<h2
    className="c0"
  >
    Heading 2
  </h2>,
  .c0 {
  margin: 0px;
  padding: 0px;
  line-height: 1.2;
  font-family: 'Roboto',sans-serif;
  color: #2a2a2a;
  font-weight: 500;
  font-size: 2rem;
}

<h3
    className="c0"
  >
    Heading 3
  </h3>,
  .c0 {
  margin: 0px;
  padding: 0px;
  line-height: 1.2;
  font-family: 'Roboto',sans-serif;
  color: #2a2a2a;
  font-weight: 500;
  font-size: 1.5rem;
}

<h4
    className="c0"
  >
    Heading 4
  </h4>,
  .c0 {
  margin: 0px;
  padding: 0px;
  line-height: 1.2;
  font-family: 'Roboto',sans-serif;
  color: #2a2a2a;
  font-weight: 500;
  font-size: 1.25rem;
}

<h5
    className="c0"
  >
    Heading 5
  </h5>,
  .c0 {
  margin: 0px;
  padding: 0px;
  line-height: 1.2;
  font-family: 'Roboto',sans-serif;
  color: #2a2a2a;
  font-weight: 500;
  font-size: 1rem;
}

<h6
    className="c0"
  >
    Heading 6
  </h6>,
]
`;
