// Jest Snapshot v1, https://goo.gl/fbAQLP

exports[`getFormValuesByValintaperuste returns correct form values given valintaperuste 1`] = `
Object {
  "julkinen": true,
  "kuvaus": Object {
    "kuvaus": Object {
      "fi":         "<h1>Fi kuvaus</h1>",
      "sv":         "<h1>Sv kuvaus</h1>",
    },
    "nimi": Object {
      "fi": "Fi nimi",
      "sv": "Sv nimi",
    },
    "sisalto": Array [],
  },
  "perustiedot": Object {
    "hakutapa": "tapa_1#1",
    "kieliversiot": Array [
      "fi",
      "sv",
    ],
    "kohdejoukko": Object {
      "value": "joukko_1#1",
    },
    "tyyppi": "tyyppi_1#1",
  },
  "soraKuvaus": Object {
    "value": "sora_1",
  },
  "tila": "tallennettu",
  "valintakokeet": Object {
    "kokeetTaiLisanaytot": Array [
      Object {
        "erityisjarjestelytMahdollisia": true,
        "id": undefined,
        "liittyyEnnakkovalmistautumista": true,
        "nimi": Object {
          "fi": "valintakokeen nimi - fi",
          "sv": "valintakokeen nimi - sv",
        },
        "ohjeetEnnakkovalmistautumiseen": Object {
          "fi":             "<p>Ohjeet ennakkovalmistautumiseen - fi</p>",
          "sv":             "<p>ohjeet ennakkovalmistautumiseen - sv</p>",
        },
        "ohjeetErityisjarjestelyihin": Object {
          "fi":             "<p>Ohjeet erityisjärjestelyihin - fi</p>",
          "sv":             "<p>Ohjeet erityisjärjestelyihin - sv</p>",
        },
        "tietoaHakijalle": Object {
          "fi":             "<p>Tietoa hakijalle - fi</p>",
          "sv":             "<p>Tietoa hakijalle - sv</p>",
        },
        "tilaisuudet": Array [
          Object {
            "alkaa": "2019-04-16T08:44",
            "jarjestamispaikka": Object {
              "fi": "jarjestamispaikka - fi",
              "sv": "jarjestamispaikka - sv",
            },
            "lisatietoja": Object {
              "fi":                 "<p>fi lisatietoja</p>",
              "sv":                 "<p>sv lisatietoja</p>",
            },
            "osoite": Object {
              "fi": "fi osoite",
              "sv": "sv osoite",
            },
            "paattyy": "2019-04-18T08:44",
            "postinumero": Object {
              "value": "posti_1#1",
            },
          },
        ],
        "tyyppi": Object {
          "value": "tyyppi_1#1",
        },
      },
    ],
    "yleisKuvaus": Object {
      "fi":         "<p>Yleiskuvaus - fi</p>",
      "sv":         "<p>Yleiskuvaus - sv</p>",
    },
  },
  "valintatavat": Array [
    Object {
      "enimmaispistemaara": 20,
      "kuvaus": Object {
        "fi": "Fi kuvaus",
        "sv": "Sv kuvaus",
      },
      "kynnysehto": Object {
        "fi":           "<p>Fi kynnysehto</p>",
        "sv":           "<p>Sv kynnysehto</p>",
      },
      "nimi": Object {
        "fi": "Fi nimi",
        "sv": "Sv nimi",
      },
      "sisalto": Array [
        Object {
          "data": Object {
            "fi":               "<h2>Fi sisalto</h2>",
            "sv":               "<h2>Sv sisalto</h2>",
          },
          "tyyppi": "teksti",
        },
        Object {
          "data": Object {
            "rows": Array [
              Object {
                "columns": Array [
                  Object {
                    "index": 0,
                    "text": Object {
                      "fi": "Fi column1",
                      "sv": "Sv column1",
                    },
                  },
                  Object {
                    "index": 1,
                    "text": Object {
                      "fi": "Fi column2",
                      "sv": "Sv column2",
                    },
                  },
                ],
                "index": 0,
              },
              Object {
                "columns": Array [
                  Object {
                    "index": 0,
                    "text": Object {
                      "fi": "Fi column3",
                      "sv": "Sv column3",
                    },
                  },
                  Object {
                    "index": 1,
                    "text": Object {
                      "fi": "Fi column4",
                      "sv": "Sv column4",
                    },
                  },
                ],
                "index": 1,
              },
            ],
          },
          "tyyppi": "taulukko",
        },
      ],
      "tapa": Object {
        "value": "tapa_1#1",
      },
      "vahimmaispistemaara": 10,
    },
  ],
}
`;
