// Jest Snapshot v1, https://goo.gl/fbAQLP

exports[`renders correctly 1`] = `
.c0 {
  display: -webkit-box;
  display: -webkit-flex;
  display: -ms-flexbox;
  display: flex;
}

.c1 {
  padding: 10px 20px;
  position: relative;
  z-index: 1;
  bottom: -1px;
  font-family: sans-serif;
  font-size: 1rem;
  color: #2da0c7;
  border-bottom: 0px none;
  margin-right: 6px;
  cursor: pointer;
  border: 1px solid transparent;
  border-top: 2px solid transparent;
}

.c2 {
  padding: 10px 20px;
  position: relative;
  z-index: 1;
  bottom: -1px;
  font-family: sans-serif;
  font-size: 1rem;
  color: #2da0c7;
  border-bottom: 0px none;
  margin-right: 6px;
  cursor: pointer;
  border: 1px solid transparent;
  border-top: 2px solid transparent;
  border: 1px solid #999999;
  border-top: 2px solid #2da0c7;
  border-bottom: 1px solid white;
  color: #666666;
}

<styled.div>
  <div
    className="c0"
  >
    <styled.div
      active={false}
      key=".0"
      onClick={[Function]}
      value="a"
    >
      <div
        className="c1"
        onClick={[Function]}
        value="a"
      >
        Tab A
      </div>
    </styled.div>
    <styled.div
      active={true}
      key=".1"
      onClick={[Function]}
      value="b"
    >
      <div
        className="c2"
        onClick={[Function]}
        value="b"
      >
        Tab B
      </div>
    </styled.div>
    <styled.div
      active={false}
      key=".2"
      onClick={[Function]}
      value="c"
    >
      <div
        className="c1"
        onClick={[Function]}
        value="c"
      >
        Tab C
      </div>
    </styled.div>
  </div>
</styled.div>
`;
