// Jest Snapshot v1, https://goo.gl/fbAQLP

exports[`renders correctly 1`] = `
.c5 {
  font-size: 1.5rem;
}

.c2 {
  display: -webkit-inline-box;
  display: -webkit-inline-flex;
  display: -ms-inline-flexbox;
  display: inline-flex;
  -webkit-flex-direction: column;
  -ms-flex-direction: column;
  flex-direction: column;
  -webkit-align-items: center;
  -webkit-box-align: center;
  -ms-flex-align: center;
  align-items: center;
}

.c4 {
  border-radius: 50%;
  width: 3.5rem;
  height: 3.5rem;
  display: -webkit-box;
  display: -webkit-flex;
  display: -ms-flexbox;
  display: flex;
  -webkit-box-pack: center;
  -webkit-justify-content: center;
  -ms-flex-pack: center;
  justify-content: center;
  -webkit-align-items: center;
  -webkit-box-align: center;
  -ms-flex-align: center;
  align-items: center;
  border: 3px solid;
  background-color: white;
  border-color: #cecece;
  border-color: #0a789c;
}

.c8 {
  border-radius: 50%;
  width: 3.5rem;
  height: 3.5rem;
  display: -webkit-box;
  display: -webkit-flex;
  display: -ms-flexbox;
  display: flex;
  -webkit-box-pack: center;
  -webkit-justify-content: center;
  -ms-flex-pack: center;
  justify-content: center;
  -webkit-align-items: center;
  -webkit-box-align: center;
  -ms-flex-align: center;
  align-items: center;
  border: 3px solid;
  background-color: white;
  border-color: #cecece;
  background-color: #0a789c;
  border-color: white;
}

.c11 {
  border-radius: 50%;
  width: 3.5rem;
  height: 3.5rem;
  display: -webkit-box;
  display: -webkit-flex;
  display: -ms-flexbox;
  display: flex;
  -webkit-box-pack: center;
  -webkit-justify-content: center;
  -ms-flex-pack: center;
  justify-content: center;
  -webkit-align-items: center;
  -webkit-box-align: center;
  -ms-flex-align: center;
  align-items: center;
  border: 3px solid;
  background-color: white;
  border-color: #cecece;
}

.c7 {
  margin-top: 8px;
  text-align: center;
  font-family: 'Roboto',sans-serif;
  color: #666;
  font-size: 0.8rem;
  white-space: nowrap;
}

.c10 {
  margin-top: 8px;
  text-align: center;
  font-family: 'Roboto',sans-serif;
  color: #666;
  font-size: 0.8rem;
  white-space: nowrap;
  color: #0a789c;
}

.c6 {
  font-size: 2rem;
  color: #666;
}

.c9 {
  font-size: 2rem;
  color: #666;
  color: white;
}

.c1 {
  display: -webkit-box;
  display: -webkit-flex;
  display: -ms-flexbox;
  display: flex;
}

.c3 {
  -webkit-flex: 0;
  -ms-flex: 0;
  flex: 0;
  margin-right: 24px;
}

.c3:last-child {
  margin-right: 0px;
}

.c0 {
  display: -webkit-box;
  display: -webkit-flex;
  display: -ms-flexbox;
  display: flex;
  width: 100%;
  -webkit-box-pack: justify;
  -webkit-justify-content: space-between;
  -ms-flex-pack: justify;
  justify-content: space-between;
}

<div
  class="c0"
>
  <div
    class="c1"
  >
    <div
      class="c2 c3"
    >
      <div
        class="c4"
      >
        <i
          class="c5 material-icons c6"
        >
          school
        </i>
      </div>
      <div
        class="c7"
      >
        yleiset.koulutus
      </div>
    </div>
    <div
      class="c2 c3"
    >
      <div
        class="c4"
      >
        <i
          class="c5 material-icons c6"
        >
          flag
        </i>
      </div>
      <div
        class="c7"
      >
        yleiset.toteutus
      </div>
    </div>
  </div>
  <div
    class="c1"
  >
    <div
      class="c2 c3"
    >
      <div
        class="c4"
      >
        <i
          class="c5 material-icons c6"
        >
          access_time
        </i>
      </div>
      <div
        class="c7"
      >
        yleiset.haku
      </div>
    </div>
    <div
      class="c2 c3"
    >
      <div
        class="c8"
      >
        <i
          class="c5 material-icons c9"
        >
          list_alt
        </i>
      </div>
      <div
        class="c10"
      >
        yleiset.hakukohde
      </div>
    </div>
  </div>
  <div
    class="c1"
  >
    <div
      class="c2 c3"
    >
      <div
        class="c11"
      >
        <i
          class="c5 material-icons c6"
        >
          filter_list
        </i>
      </div>
      <div
        class="c7"
      >
        yleiset.valintaperusteet
      </div>
    </div>
    <div
      class="c2 c3"
    >
      <div
        class="c11"
      >
        <i
          class="c5 material-icons c6"
        >
          subject
        </i>
      </div>
      <div
        class="c7"
      >
        yleiset.soraKuvaus
      </div>
    </div>
  </div>
</div>
`;
