// Jest Snapshot v1, https://goo.gl/fbAQLP

exports[`getKoulutusByValues returns correct koulutus given form values 1`] = `
Object {
  "julkinen": true,
  "kielivalinta": Array [
    "fi",
    "sv",
  ],
  "koulutusKoodiUri": "koulutuskoodi_1#1",
  "koulutustyyppi": "yo",
  "metadata": Object {
    "koulutusalaKoodiUrit": Array [
      "koulutusala_1#1",
      "koulutusala_2#1",
    ],
    "kuvauksenNimi": Object {
      "fi": "Fi nimi",
      "sv": "Sv nimi",
    },
    "kuvaus": Object {
      "fi": "Fi kuvaus",
      "sv": "Sv kuvaus",
    },
    "lisatiedot": Array [
      Object {
        "otsikkoKoodiUri": "osio_1#1",
        "teksti": Object {},
      },
      Object {
        "otsikkoKoodiUri": "osio_2#1",
        "teksti": Object {
          "fi": "Fi kuvaus",
          "sv": "Sv kuvaus",
        },
      },
    ],
    "opintojenLaajuusKoodiUri": "laajuus_1#1",
    "tutkintonimikeKoodiUrit": Array [
      "nimike_1#1",
      "nimike_2#1",
    ],
    "tyyppi": "yo",
  },
  "nimi": Object {
    "fi": "Fi nimi",
    "sv": "Sv nimi",
  },
  "tarjoajat": Array [
    "123.456.789",
  ],
}
`;

exports[`getValuesByKoulutus returns correct form values given koulutus 1`] = `
Object {
  "description": Object {
    "kuvaus": Object {
      "fi": "Fi kuvaus",
      "sv": "Sv kuvaus",
    },
    "nimi": Object {
      "fi": "Fi nimi",
      "sv": "Sv nimi",
    },
  },
  "information": Object {
    "koulutus": Object {
      "value": "koulutuskoodi_1#1",
    },
    "koulutusalat": Array [
      Object {
        "value": "koulutusala_1#1",
      },
      Object {
        "value": "koulutusala_2#1",
      },
    ],
    "nimi": Object {
      "fi": "Fi nimi",
      "sv": "Sv nimi",
    },
    "opintojenLaajuus": Object {
      "value": "laajuus_1#1",
    },
    "tutkintonimike": Array [
      Object {
        "value": "nimike_1#1",
      },
      Object {
        "value": "nimike_2#1",
      },
    ],
  },
  "kieliversiot": Object {
    "languages": Array [
      "fi",
      "sv",
    ],
  },
  "lisatiedot": Object {
    "osioKuvaukset": Object {
      "osio_1#1": Object {},
      "osio_2#1": Object {
        "fi": "Fi kuvaus",
        "sv": "Sv kuvaus",
      },
    },
    "osiot": Array [
      Object {
        "value": "osio_1#1",
      },
      Object {
        "value": "osio_2#1",
      },
    ],
  },
  "nakyvyys": Object {
    "julkinen": true,
  },
  "organization": Object {
    "organizations": Array [
      "123.456.789",
    ],
  },
  "type": Object {
    "type": "yo",
  },
}
`;
