// Jest Snapshot v1, https://goo.gl/fbAQLP

exports[`getFormValuesByHakukohde returns correct form values given hakukohde 1`] = `
Object {
  "ajankohta": Object {
    "ajankohtaKaytossa": true,
    "ajankohtaTyyppi": "tarkka alkamisajankohta",
    "henkilokohtaisenSuunnitelmanLisatiedot": Object {},
    "kausi": "kausi_k#1",
    "kaytetaanHakukohteenAlkamiskautta": true,
    "tarkkaAlkaa": "2021-04-16T00:00",
    "tarkkaPaattyy": "2021-12-12T00:00",
    "vuosi": Object {
      "value": 2020,
    },
  },
  "aloituspaikat": Object {
    "aloituspaikkakuvaus": Object {
      "fi": "<p>Aloituspaikan kuvaus - fi</p>",
      "sv": "<p>Aloituspaikan kuvaus - sv</p>",
    },
    "aloituspaikkamaara": "45",
    "ensikertalaismaara": "35",
  },
  "esikatselu": false,
  "externalId": "ext1",
  "hakuajat": Object {
    "eriHakuaika": true,
    "hakuajat": Array [
      Object {
        "alkaa": "2019-03-29T12:28",
        "paattyy": "2019-09-29T12:30",
      },
    ],
  },
  "hakukohteenLinja": Object {
    "alinHyvaksyttyKeskiarvo": "6,5",
    "linja": "lukiopainotukset_0104#1",
    "lisatietoa": Object {
      "fi": "<p>Fi lisatietoa</p>",
      "sv": "<p>Sv lisatietoa</p>",
    },
    "painotetutArvosanat": Array [
      Object {
        "painokerroin": 1.2,
        "painotettuOppiaine": Object {
          "value": "painotettavatoppiaineetlukiossa_a1en#1",
        },
      },
    ],
  },
  "hakulomake": Object {
    "eriHakulomake": true,
    "kuvaus": Object {},
    "linkki": Object {},
    "lomake": Object {
      "value": "12345",
    },
    "tyyppi": "ataru",
  },
  "jarjestyspaikkaOid": "2.2.2.2.2",
  "kieliversiot": Array [
    "fi",
    "sv",
  ],
  "liitteet": Object {
    "liitteet": Array [
      Object {
        "kuvaus": Object {
          "fi": "<p>Fi kuvaus</p>",
          "sv": "<p>Sv kuvaus</p>",
        },
        "nimi": Object {
          "fi": "Fi nimi",
          "sv": "Sv nimi",
        },
        "toimitusaika": "2016-10-25T09:45",
        "toimitustapa": Object {
          "paikka": Object {
            "osoite": Object {
              "fi": "Fi osoite",
              "sv": "Sv osoite",
            },
            "postinumero": Object {
              "value": "posti_1#1",
            },
            "sahkoposti": Object {
              "fi": "Fi sahkoposti",
              "sv": "Sv sahkoposti",
            },
          },
          "tapa": "osoite",
        },
        "tyyppi": Object {
          "value": "liitetyyppi_1#1",
        },
      },
    ],
    "toimitusaika": "2011-12-20T10:30",
    "toimitustapa": Object {
      "paikka": Object {
        "osoite": Object {
          "fi": "Fi osoite",
          "sv": "Sv osoite",
        },
        "postinumero": Object {
          "value": "posti_1#1",
        },
        "sahkoposti": Object {
          "fi": "Fi sahkoposti",
          "sv": "Sv sahkoposti",
        },
      },
      "tapa": "",
    },
    "yhteinenToimitusaika": false,
    "yhteinenToimituspaikka": false,
  },
  "organisaatioOid": undefined,
  "perustiedot": Object {
    "hakukohdeKoodiUri": undefined,
    "nimi": Object {
      "fi": "Fi nimi",
      "sv": "Sv nimi",
    },
    "voiSuorittaaKaksoistutkinnon": true,
  },
  "pohjakoulutus": Object {
    "pohjakoulutusvaatimus": Array [
      Object {
        "value": "vaatimus_1#1",
      },
      Object {
        "value": "vaatimus_2#1",
      },
    ],
    "tarkenne": Object {
      "fi": "<p><strong>Tarkenne fi</strong></p>",
      "sv": "<p><strong>Tarkenne sv</strong></p>",
    },
  },
  "tila": "tallennettu",
  "valintakokeet": Object {
    "kokeetTaiLisanaytot": Array [
      Object {
        "erityisjarjestelytMahdollisia": true,
        "id": undefined,
        "liittyyEnnakkovalmistautumista": true,
        "nimi": Object {
          "fi": "valintakokeen nimi - fi",
          "sv": "valintakokeen nimi - sv",
        },
        "ohjeetEnnakkovalmistautumiseen": Object {
          "fi": "<p>Ohjeet ennakkovalmistautumiseen - fi</p>",
          "sv": "<p>ohjeet ennakkovalmistautumiseen - sv</p>",
        },
        "ohjeetErityisjarjestelyihin": Object {
          "fi": "<p>Ohjeet erityisjärjestelyihin - fi</p>",
          "sv": "<p>Ohjeet erityisjärjestelyihin - sv</p>",
        },
        "tietoaHakijalle": Object {
          "fi": "<p>Tietoa hakijalle - fi</p>",
          "sv": "<p>Tietoa hakijalle - sv</p>",
        },
        "tilaisuudet": Array [
          Object {
            "alkaa": "2019-04-16T08:44",
            "jarjestamispaikka": undefined,
            "lisatietoja": Object {
              "fi": "<p>fi lisatietoja</p>",
              "sv": "<p>sv lisatietoja</p>",
            },
            "osoite": Object {
              "fi": "fi osoite",
              "sv": "sv osoite",
            },
            "paattyy": "2019-04-18T08:44",
            "postinumero": Object {
              "value": "posti_1#1",
            },
          },
        ],
        "tyyppi": Object {
          "value": "tyyppi_1#1",
        },
        "vahimmaispistemaara": "30,3",
      },
    ],
    "valintaperusteenValintakokeidenLisatilaisuudet": Object {
      "123-123": Array [
        Object {
          "alkaa": "2019-04-16T08:44",
          "jarjestamispaikka": Object {
            "fi": "fi jarjestamispaikka",
            "sv": "sv jarjestamispaikka",
          },
          "lisatietoja": Object {
            "fi": "<p>fi lisatietoja</p>",
            "sv": "<p>sv lisatietoja</p>",
          },
          "osoite": Object {
            "fi": "fi osoite",
            "sv": "sv osoite",
          },
          "paattyy": "2019-04-18T08:44",
          "postinumero": Object {
            "value": "posti_1#1",
          },
        },
      ],
    },
    "yleisKuvaus": Object {
      "fi": "<p>Yleiskuvaus - fi</p>",
      "sv": "<p>Yleiskuvaus - sv</p>",
    },
  },
  "valintaperusteenKuvaus": Object {
    "kynnysehto": Object {
      "fi": "<p>Hakukohteen kynnysehto - fi</p>",
      "sv": "<p>Hakukohteen kynnysehto - sv</p>",
    },
    "valintaperuste": Object {
      "value": "peruste_1#1",
    },
  },
}
`;
