// Vitest Snapshot v1, https://vitest.dev/guide/snapshot.html

exports[`getFormValuesByHakukohde returns correct form values given hakukohde 1`] = `
{
  "ajankohta": {
    "ajankohtaKaytossa": true,
    "ajankohtaTyyppi": "tarkka alkamisajankohta",
    "henkilokohtaisenSuunnitelmanLisatiedot": {},
    "kausi": "kausi_k#1",
    "kaytetaanHakukohteenAlkamiskautta": true,
    "tarkkaAlkaa": "2021-04-16T00:00",
    "tarkkaPaattyy": "2021-12-12T00:00",
    "vuosi": {
      "value": 2020,
    },
  },
  "aloituspaikat": {
    "aloituspaikkakuvaus": {
      "fi": "<p>Aloituspaikan kuvaus - fi</p>",
      "sv": "<p>Aloituspaikan kuvaus - sv</p>",
    },
    "aloituspaikkamaara": "45",
    "ensikertalaismaara": "35",
  },
  "esikatselu": false,
  "externalId": "ext1",
  "hakuajat": {
    "eriHakuaika": true,
    "hakuajat": [
      {
        "alkaa": "2019-03-29T12:28",
        "paattyy": "2019-09-29T12:30",
      },
    ],
  },
  "hakukohteenLinja": {
    "alinHyvaksyttyKeskiarvo": "6,5",
    "linja": "lukiopainotukset_0104#1",
    "lisatietoa": {
      "fi": "<p>Fi lisatietoa</p>",
      "sv": "<p>Sv lisatietoa</p>",
    },
    "painotetutArvosanat": [
      {
        "painokerroin": 1.2,
        "painotettuOppiaine": {
          "value": "painotettavatoppiaineetlukiossa_a1en#1",
        },
      },
    ],
  },
  "hakulomake": {
    "eriHakulomake": true,
    "kuvaus": {},
    "linkki": {},
    "lomake": {
      "value": "12345",
    },
    "tyyppi": "ataru",
  },
  "jarjestaaUrheilijanAmmKoulutusta": false,
  "jarjestyspaikkaOid": "2.2.2.2.2",
  "kieliversiot": [
    "fi",
    "sv",
  ],
  "liitteet": {
    "liitteet": [
      {
        "kuvaus": {
          "fi": "<p>Fi kuvaus</p>",
          "sv": "<p>Sv kuvaus</p>",
        },
        "nimi": {
          "fi": "Fi nimi",
          "sv": "Sv nimi",
        },
        "toimitusaika": "2016-10-25T09:45",
        "toimitustapa": {
          "paikka": {
            "osoite": {
              "rivi1": {
                "fi": "Fi osoite",
                "sv": "Sv osoite",
              },
              "rivi2": {
                "fi": undefined,
                "sv": undefined,
              },
            },
            "postinumero": {
              "fi": {
                "value": "posti_1#1",
              },
            },
            "sahkoposti": {
              "fi": "Fi sahkoposti",
              "sv": "Sv sahkoposti",
            },
            "verkkosivu": "https://liitelomake.fi",
          },
          "tapa": "osoite",
        },
        "tyyppi": {
          "value": "liitetyyppi_1#1",
        },
      },
    ],
    "toimitusaika": "2011-12-20T10:30",
    "toimitustapa": {
      "paikka": {
        "osoite": {
          "rivi1": {
            "fi": "Fi osoite",
            "sv": "Sv osoite",
          },
          "rivi2": {
            "fi": undefined,
            "sv": undefined,
          },
        },
        "postinumero": {
          "fi": {
            "value": "posti_1#1",
          },
        },
        "sahkoposti": {
          "fi": "Fi sahkoposti",
          "sv": "Sv sahkoposti",
        },
        "verkkosivu": "https://liitelomake.fi",
      },
      "tapa": "",
    },
    "yhteinenToimitusaika": false,
    "yhteinenToimituspaikka": false,
  },
  "organisaatioOid": undefined,
  "perustiedot": {
    "hakukohdeKoodiUri": undefined,
    "nimi": {
      "fi": "Fi nimi",
      "sv": "Sv nimi",
    },
    "voiSuorittaaKaksoistutkinnon": true,
  },
  "pohjakoulutus": {
    "pohjakoulutusvaatimus": [
      {
        "value": "vaatimus_1#1",
      },
      {
        "value": "vaatimus_2#1",
      },
    ],
    "tarkenne": {
      "fi": "<p><strong>Tarkenne fi</strong></p>",
      "sv": "<p><strong>Tarkenne sv</strong></p>",
    },
  },
  "tila": "tallennettu",
  "uudenOpiskelijanUrl": {
    "fi": "https://opiskelu.fi",
    "sv": "https://opiskelu.se",
  },
  "valintakokeet": {
    "kokeetTaiLisanaytot": [
      {
        "erityisjarjestelytMahdollisia": true,
        "id": undefined,
        "liittyyEnnakkovalmistautumista": true,
        "nimi": {
          "fi": "valintakokeen nimi - fi",
          "sv": "valintakokeen nimi - sv",
        },
        "ohjeetEnnakkovalmistautumiseen": {
          "fi": "<p>Ohjeet ennakkovalmistautumiseen - fi</p>",
          "sv": "<p>ohjeet ennakkovalmistautumiseen - sv</p>",
        },
        "ohjeetErityisjarjestelyihin": {
          "fi": "<p>Ohjeet erityisjärjestelyihin - fi</p>",
          "sv": "<p>Ohjeet erityisjärjestelyihin - sv</p>",
        },
        "tietoaHakijalle": {
          "fi": "<p>Tietoa hakijalle - fi</p>",
          "sv": "<p>Tietoa hakijalle - sv</p>",
        },
        "tilaisuudet": [
          {
            "alkaa": "2019-04-16T08:44",
            "jarjestamispaikka": undefined,
            "lisatietoja": {
              "fi": "<p>fi lisatietoja</p>",
              "sv": "<p>sv lisatietoja</p>",
            },
            "osoite": {
              "fi": "fi osoite",
              "sv": "sv osoite",
            },
            "paattyy": "2019-04-18T08:44",
            "postinumero": {
              "fi": {
                "value": "posti_1#1",
              },
            },
          },
        ],
        "tyyppi": {
          "value": "tyyppi_1#1",
        },
        "vahimmaispistemaara": "30,3",
      },
    ],
    "valintaperusteenValintakokeidenLisatilaisuudet": {
      "123-123": [
        {
          "alkaa": "2019-04-16T08:44",
          "jarjestamispaikka": {
            "fi": "fi jarjestamispaikka",
            "sv": "sv jarjestamispaikka",
          },
          "lisatietoja": {
            "fi": "<p>fi lisatietoja</p>",
            "sv": "<p>sv lisatietoja</p>",
          },
          "osoite": {
            "fi": "fi osoite",
            "sv": "sv osoite",
          },
          "paattyy": "2019-04-18T08:44",
          "postinumero": {
            "fi": {
              "value": "posti_1#1",
            },
          },
        },
      ],
    },
    "yleisKuvaus": {
      "fi": "<p>Yleiskuvaus - fi</p>",
      "sv": "<p>Yleiskuvaus - sv</p>",
    },
  },
  "valintaperusteenKuvaus": {
    "kynnysehto": {
      "fi": "<p>Hakukohteen kynnysehto - fi</p>",
      "sv": "<p>Hakukohteen kynnysehto - sv</p>",
    },
    "valintaperuste": {
      "value": "peruste_1#1",
    },
  },
}
`;
