// Jest Snapshot v1, https://goo.gl/fbAQLP

exports[`renders correctly 1`] = `
.c0 {
  display: -webkit-box;
  display: -webkit-flex;
  display: -ms-flexbox;
  display: flex;
}

.c1 {
  margin-right: 6px;
}

.c2 {
  padding: 6px 16px;
  position: relative;
  z-index: 1;
  white-space: nowrap;
  bottom: -1px;
  font-family: 'Roboto',sans-serif;
  line-height: 1.5;
  font-size: 1rem;
  color: #159ecb;
  border-bottom: 0px none;
  cursor: pointer;
  border: 1px solid transparent;
  border-top: 2px solid transparent;
  -webkit-transition: color 0.25s;
  transition: color 0.25s;
}

.c2:hover {
  color: #17b0e2;
}

.c3 {
  padding: 6px 16px;
  position: relative;
  z-index: 1;
  white-space: nowrap;
  bottom: -1px;
  font-family: 'Roboto',sans-serif;
  line-height: 1.5;
  font-size: 1rem;
  color: #159ecb;
  border-bottom: 0px none;
  cursor: pointer;
  border: 1px solid transparent;
  border-top: 2px solid transparent;
  -webkit-transition: color 0.25s;
  transition: color 0.25s;
  border: 1px solid #cccccc;
  border-top: 2px solid #159ecb;
  border-bottom: 1px solid white;
  color: #666666;
  background-color: white;
}

<styled.div>
  <div
    className="c0"
  >
    <styled.div
      key=".0"
      last={false}
    >
      <div
        className="c1"
      >
        <styled.div
          active={false}
          onClick={[Function]}
          value="a"
        >
          <div
            className="c2"
            onClick={[Function]}
            value="a"
          >
            Tab A
          </div>
        </styled.div>
      </div>
    </styled.div>
    <styled.div
      key=".1"
      last={false}
    >
      <div
        className="c1"
      >
        <styled.div
          active={true}
          onClick={[Function]}
          value="b"
        >
          <div
            className="c3"
            onClick={[Function]}
            value="b"
          >
            Tab B
          </div>
        </styled.div>
      </div>
    </styled.div>
    <styled.div
      key=".2"
      last={true}
    >
      <div
        className=""
      >
        <styled.div
          active={false}
          onClick={[Function]}
          value="c"
        >
          <div
            className="c2"
            onClick={[Function]}
            value="c"
          >
            Tab C
          </div>
        </styled.div>
      </div>
    </styled.div>
  </div>
</styled.div>
`;
