// Jest Snapshot v1, https://goo.gl/fbAQLP

exports[`getHakukohdeByFormValues returns correct hakukohde given form values 1`] = `
Object {
  "alkamiskausiKoodiUri": "kausi_1#1",
  "alkamisvuosi": 2020,
  "aloituspaikat": 45,
  "ensikertalaisenAloituspaikat": 29,
  "hakuajat": Array [
    Object {
      "alkaa": "2019-04-17T05:52",
      "paattyy": "2019-04-22T05:52",
    },
    Object {
      "alkaa": "2019-05-17T05:52",
      "paattyy": "2019-05-18T05:52",
    },
  ],
  "hakulomakeAtaruId": "12345",
  "hakulomakeKuvaus": Object {},
  "hakulomakeLinkki": Object {},
  "hakulomaketyyppi": "ataru",
  "kaytetaanHaunAikataulua": false,
  "kaytetaanHaunAlkamiskautta": false,
  "kaytetaanHaunHakulomaketta": false,
  "kielivalinta": Array [
    "fi",
    "sv",
  ],
  "liitteet": Array [
    Object {
      "kuvaus": Object {
        "fi": "Fi kuvaus",
        "sv": "Sv kuvaus",
      },
      "nimi": Object {
        "fi": "Fi nimi",
        "sv": "Sv nimi",
      },
      "toimitusaika": "2019-08-17T05:52",
      "toimitusosoite": Object {
        "osoite": Object {
          "osoite": Object {
            "fi": "Fi osoite",
            "sv": "Sv osoite",
          },
          "postinumeroKoodiUri": "posti_1#1",
        },
        "sahkoposti": Object {
          "fi": "Fi sahkoposti",
          "sv": "Sv sahkoposti",
        },
      },
      "toimitustapa": "muu_osoite",
      "tyyppiKoodiUri": "liitetyyppi_1#1",
    },
  ],
  "liitteetOnkoSamaToimitusaika": false,
  "liitteetOnkoSamaToimitusosoite": false,
  "liitteidenToimitusaika": null,
  "liitteidenToimitusosoite": null,
  "liitteidenToimitustapa": null,
  "muokkaaja": "1.1.1.1",
  "nimi": Object {
    "fi": "Fi nimi",
    "sv": "Sv nimi",
  },
  "pohjakoulutusvaatimusKoodiUrit": Array [
    "vaatimus_1#1",
    "vaatimus_2#1",
  ],
  "pohjakoulutusvaatimusTarkenne": Object {
    "fi": "<p><strong>Tarkenne fi</strong></p>",
    "sv": "<p><strong>Tarkenne sv</strong></p>",
  },
  "tila": "tallennettu",
  "toinenAsteOnkoKaksoistutkinto": true,
  "valintakokeet": Array [
    Object {
      "tilaisuudet": Array [
        Object {
          "aika": Object {
            "alkaa": "2019-04-16T08:44",
            "paattyy": "2019-04-18T08:44",
          },
          "lisatietoja": Object {
            "fi": "fi lisatietoja",
            "sv": "sv lisatietoja",
          },
          "osoite": Object {
            "osoite": Object {
              "fi": "fi osoite",
              "sv": "sv osoite",
            },
            "postinumeroKoodiUri": "posti_1#1",
          },
        },
      ],
      "tyyppiKoodiUri": "tyyppi_1#1",
    },
  ],
  "valintaperusteId": "peruste_1#1",
}
`;
