// Jest Snapshot v1, https://goo.gl/fbAQLP

exports[`getToteutusByFormValues returns correct toteutus given form values 1`] = `
Object {
  "kielivalinta": Array [
    "fi",
    "sv",
  ],
  "metadata": Object {
    "alemmanKorkeakoulututkinnonOsaamisalat": Array [
      Object {
        "kuvaus": Object {
          "fi": "Fi alempikuvaus",
          "sv": "Sv alempikuvaus",
        },
        "linkki": Object {
          "fi": "Fi alempilinkki",
          "sv": "Sv alempilinkki",
        },
        "nimi": Object {
          "fi": "Fi alempinimi",
          "sv": "Sv alempinimi",
        },
        "otsikko": Object {
          "fi": "Fi alempiotsikko",
          "sv": "Sv alempiotsikko",
        },
      },
    ],
    "ammattinimikkeet": Array [
      Object {
        "arvo": "nimike1",
        "kieli": "fi",
      },
      Object {
        "arvo": "nimike2",
        "kieli": "sv",
      },
    ],
    "asiasanat": Array [
      Object {
        "arvo": "avainsana1",
        "kieli": "fi",
      },
      Object {
        "arvo": "avainsana2",
        "kieli": "sv",
      },
    ],
    "kuvaus": Object {
      "fi": "Fi kuvaus",
      "sv": "Sv kuvaus",
    },
    "opetus": Object {
      "A1JaA2Kielivalikoima": Array [
        "kieli_1#1",
      ],
      "B1Kielivalikoima": Array [
        "kieli_4#1",
      ],
      "B2Kielivalikoima": Array [
        "kieli_2#1",
      ],
      "B3Kielivalikoima": Array [
        "kieli_5#1",
      ],
      "aidinkieliKielivalikoima": Array [
        "kieli_3#1",
      ],
      "alkamisaikaKuvaus": Object {
        "fi": "Fi kausikuvaus",
        "sv": "Sv kausikuvaus",
      },
      "alkamiskausiKoodiUri": "kausi_1#1",
      "alkamisvuosi": "2020",
      "diplomiKoodiUrit": Array [
        "diplomi_1#1",
        "diplomi_2#1",
      ],
      "diplomiKuvaus": Object {
        "fi": "Fi diplomi",
        "sv": "Sv diplomi",
      },
      "jaksonKuvaus": Object {},
      "lisatiedot": Array [
        Object {
          "otsikkoKoodiUri": "osio_1#1",
          "teksti": Object {
            "fi": "Fi kuvaus1",
            "sv": "Sv kuvaus1",
          },
        },
        Object {
          "otsikkoKoodiUri": "osio_2#1",
          "teksti": Object {
            "fi": "Fi kuvaus2",
            "sv": "Sv kuvaus2",
          },
        },
      ],
      "lukiolinjaKoodiUri": null,
      "lukuvuosimaksu": null,
      "maksullisuusKuvaus": Object {
        "fi": "Fi maksullisuuskuvaus",
        "sv": "Sv maksullisuuskuvaus",
      },
      "maksunMaara": 50.5,
      "muuKielivalikoima": Array [
        "kieli_6#1",
      ],
      "onkoLukuvuosimaksua": false,
      "onkoMaksullinen": true,
      "onkoStipendia": true,
      "opetusaikaKoodiUrit": Array [
        "opetusaika_1#1",
        "opetusaika_2#1",
      ],
      "opetusaikaKuvaus": Object {
        "fi": "Fi aikakuvaus",
        "sv": "Sv aikakuvaus",
      },
      "opetuskieletKuvaus": Object {
        "fi": "Fi kielikuvaus",
        "sv": "Sv kielikuvaus",
      },
      "opetuskieliKoodiUrit": Array [
        "opetuskieli_1#1",
        "opetuskieli_2#1",
      ],
      "opetustapaKoodiUrit": Array [
        "opetustapa_1#1",
        "opetustapa_2#1",
      ],
      "opetustapaKuvaus": Object {
        "fi": "Fi tapakuvaus",
        "sv": "Sv tapakuvaus",
      },
      "stipendinKuvaus": Object {
        "fi": "Fi stipendikuvaus",
        "sv": "Sv stipendikuvaus",
      },
      "stipendinMaara": Object {
        "fi": "20e",
        "sv": "20kr",
      },
    },
    "osaamisalat": Array [
      Object {
        "koodi": "osaamisala1",
        "linkki": Object {
          "fi": "Fi linkki1",
          "sv": "Sv linkki1",
        },
        "otsikko": Object {
          "fi": "Fi otsikko1",
          "sv": "Sv otsikko1",
        },
      },
      Object {
        "koodi": "osaamisala2",
        "linkki": Object {
          "fi": "Fi linkki2",
          "sv": "Sv linkki2",
        },
        "otsikko": Object {
          "fi": "Fi otsikko2",
          "sv": "Sv otsikko2",
        },
      },
    ],
    "tyyppi": undefined,
    "yhteyshenkilot": Array [
      Object {
        "nimi": Object {
          "fi": "Fi nimi",
          "sv": "Sv nimi",
        },
        "puhelinnumero": Object {
          "fi": "Fi puhelinnumero",
          "sv": "Sv puhelinnumero",
        },
        "sahkoposti": Object {
          "fi": "Fi sähköposti",
          "sv": "Sv sähköposti",
        },
        "titteli": Object {
          "fi": "Fi titteli",
          "sv": "Sv titteli",
        },
        "wwwSivu": Object {
          "fi": "Fi verkkosivu",
          "sv": "Sv verkkosivu",
        },
      },
    ],
    "ylemmanKorkeakoulututkinnonOsaamisalat": Array [
      Object {
        "kuvaus": Object {
          "fi": "Fi ylempikuvaus",
          "sv": "Sv ylempikuvaus",
        },
        "linkki": Object {
          "fi": "Fi ylempilinkki",
          "sv": "Sv ylempilinkki",
        },
        "nimi": Object {
          "fi": "Fi ylempinimi",
          "sv": "Sv ylempinimi",
        },
        "otsikko": Object {
          "fi": "Fi ylempiotsikko",
          "sv": "Sv ylempiotsikko",
        },
      },
    ],
  },
  "muokkaaja": undefined,
  "nimi": Object {
    "fi": "Fi nimi",
    "sv": "Sv nimi",
  },
  "tarjoajat": Array [
    "org1",
    "org2",
  ],
  "tila": undefined,
}
`;
