// Jest Snapshot v1, https://goo.gl/fbAQLP

exports[`getValintaperusteByFormValues returns correct valintaperuste given form values 1`] = `
Object {
  "hakutapaKoodiUri": "tapa_1#1",
  "kielivalinta": Array [
    "fi",
    "sv",
  ],
  "kohdejoukkoKoodiUri": "joukko_1#1",
  "koulutustyyppi": "tyyppi_1#1",
  "metadata": Object {
    "kielitaitovaatimukset": Array [],
    "kuvaus": Object {
      "fi": "<h1>Fi kuvaus</h1>",
      "sv": "<h1>Sv kuvaus</h1>",
    },
    "osaamistaustaKoodiUrit": Array [],
    "tyyppi": "tyyppi_1#1",
    "valintatavat": Array [
      Object {
        "enimmaispisteet": 20,
        "kaytaMuuntotaulukkoa": false,
        "kuvaus": Object {
          "fi": "Fi kuvaus",
          "sv": "Sv kuvaus",
        },
        "kynnysehto": Object {
          "fi": "Fi kynnysehto",
          "sv": "Sv kynnysehto",
        },
        "nimi": Object {
          "fi": "Fi nimi",
          "sv": "Sv nimi",
        },
        "sisalto": Array [
          Object {
            "data": Object {
              "fi": "<h2>Fi sisalto</h2>",
              "sv": "<h2>Sv sisalto</h2>",
            },
            "tyyppi": "teksti",
          },
          Object {
            "data": Object {
              "rows": Array [
                Object {
                  "columns": Array [
                    Object {
                      "index": 0,
                      "text": Object {
                        "fi": "Fi column1",
                        "sv": "Sv column1",
                      },
                    },
                    Object {
                      "index": 1,
                      "text": Object {
                        "fi": "Fi column2",
                        "sv": "Sv column2",
                      },
                    },
                  ],
                  "index": 0,
                },
                Object {
                  "columns": Array [
                    Object {
                      "index": 0,
                      "text": Object {
                        "fi": "Fi column3",
                        "sv": "Sv column3",
                      },
                    },
                    Object {
                      "index": 1,
                      "text": Object {
                        "fi": "Fi column4",
                        "sv": "Sv column4",
                      },
                    },
                  ],
                  "index": 1,
                },
              ],
            },
            "tyyppi": "taulukko",
          },
        ],
        "vahimmaispisteet": 10,
        "valintatapaKoodiUri": "tapa_1#1",
      },
    ],
  },
  "muokkaaja": undefined,
  "nimi": Object {
    "fi": "Fi nimi",
    "sv": "Sv nimi",
  },
  "onkoJulkinen": true,
  "sorakuvausId": "sora_1",
  "tila": undefined,
  "valintakokeet": Array [
    Object {
      "tilaisuudet": Array [
        Object {
          "aika": Object {
            "alkaa": "2019-04-16T08:44",
            "paattyy": "2019-04-18T08:44",
          },
          "lisatietoja": Object {
            "fi": "fi lisatietoja",
            "sv": "sv lisatietoja",
          },
          "osoite": Object {
            "osoite": Object {
              "fi": "fi osoite",
              "sv": "sv osoite",
            },
            "postinumeroKoodiUri": "posti_1#1",
          },
        },
      ],
      "tyyppiKoodiUri": "tyyppi_1#1",
    },
  ],
}
`;
