// Jest Snapshot v1, https://goo.gl/fbAQLP

exports[`getHakuByValues returns correct haku given form values 1`] = `
Object {
  "ajastettuJulkaisu": "2020-29-01T00:00",
  "alkamiskausiKoodiUri": "alkamiskausi_1#1",
  "alkamisvuosi": 2020,
  "hakuajat": Array [
    Object {
      "alkaa": "2018-02-01T10:30",
      "paattyy": "2019-03-02T11:45",
    },
    Object {
      "alkaa": "2018-06-01T12:30",
      "paattyy": "2019-09-02T16:15",
    },
  ],
  "hakukohteenLiittamisenTakaraja": "2018-02-01T11:45",
  "hakukohteenMuokkaamisenTakaraja": "2019-15-10T05:30",
  "hakulomake": null,
  "hakulomaketyyppi": "tyyppi",
  "hakutapaKoodiUri": "hakutapa_1#1",
  "kielivalinta": Array [
    "fi",
    "sv",
  ],
  "kohdejoukkoKoodiUri": "kohde_1#1",
  "kohdejoukonTarkenneKoodiUri": null,
  "metadata": Object {
    "tulevaisuudenAikataulu": Array [
      Object {
        "alkaa": "2018-02-05T09:30",
        "paattyy": "2019-03-06T20:45",
      },
      Object {
        "alkaa": "2018-06-09T15:30",
        "paattyy": "2019-09-10T12:15",
      },
    ],
    "yhteystieto": Object {
      "nimi": Object {
        "fi": "Fi nimi",
        "sv": "Sv nimi",
      },
      "puhelinnumero": Object {
        "fi": "Fi puhelinnumero",
        "sv": "Sv puhelinnumero",
      },
      "sahkoposti": Object {
        "fi": "Fi sähköposti",
        "sv": "Sv sähköposti",
      },
      "titteli": Object {
        "fi": "Fi titteli",
        "sv": "Sv titteli",
      },
    },
  },
  "nimi": Object {
    "fi": "Nimi",
    "sv": "Namn",
  },
}
`;

exports[`getValuesByHaku returns correct form values given haku 1`] = `
Object {
  "aikataulut": Object {
    "aikataulu": Array [
      Object {
        "fromDate": "20.02.2019",
        "fromTime": "12:28",
        "toDate": "01.08.2019",
        "toTime": "12:45",
      },
    ],
    "hakuaika": Array [
      Object {
        "fromDate": "29.03.2019",
        "fromTime": "12:28",
        "toDate": "29.09.2019",
        "toTime": "12:30",
      },
    ],
    "julkaisu_aika": "05:00",
    "julkaisu_pvm": "20.01.2020",
    "kausi": "kausi_1#1",
    "liittäminen_aika": "12:28",
    "liittäminen_pvm": "29.03.2019",
    "muokkaus_aika": "09:45",
    "muokkaus_pvm": "11.03.2019",
    "vuosi": Object {
      "value": "2020",
    },
  },
  "hakulomake": Object {
    "lomaketyyppi": "tyyppi",
  },
  "hakutapa": Object {
    "tapa": "hakutapa_1#1",
  },
  "kieliversiot": Object {
    "languages": Array [
      "fi",
      "sv",
    ],
  },
  "kohdejoukko": Object {
    "kohde": "kohdejoukko_1#1",
  },
  "nimi": Object {
    "nimi": Object {
      "fi": "Fi nimi",
      "sv": "Sv nimi",
    },
  },
  "yhteystiedot": Object {
    "email": Object {
      "fi": "Fi sähköposti",
      "sv": "Sv sähköposti",
    },
    "nimi": Object {
      "fi": "Fi nimi",
      "sv": "Sv nimi",
    },
    "puhelin": Object {
      "fi": "Fi puhelinnumero",
      "sv": "Sv puhelinnumero",
    },
    "titteli": Object {
      "fi": "Fi titteli",
      "sv": "Sv titteli",
    },
  },
}
`;
