// Jest Snapshot v1, https://goo.gl/fbAQLP

exports[`renders correctly 1`] = `
.c1 {
  border: 1px solid #ced4da;
  color: #666666;
  font-family: 'Roboto',sans-serif;
  line-height: 1.5;
  border-radius: 4px;
  outline: none;
  padding: 6px 12px;
  font-size: 1rem;
  -webkit-transition: border-color 0.25s,box-shadow 0.25s;
  transition: border-color 0.25s,box-shadow 0.25s;
  display: block;
  width: 100%;
  box-sizing: border-box;
  background-color: white;
  box-shadow: 0 0 0 0 transparent;
}

.c1:hover,
.c1:focus {
  border-color: #159ecb;
}

.c1:focus {
  box-shadow: 0 0 0 3px rgba(21,158,203,0.3);
}

.c0 {
  position: relative;
}

<ForwardRef>
  <styled.div>
    <div
      className="c0"
    >
      <styled.input
        disabled={false}
        error={false}
        hasPrefix={false}
        hasSuffix={false}
      >
        <input
          className="c1"
          disabled={false}
          type="text"
        />
      </styled.input>
    </div>
  </styled.div>
</ForwardRef>
`;
