// Jest Snapshot v1, https://goo.gl/fbAQLP

exports[`getFormValuesByOppilaitoksenOsa returns correct form values given oppilaitoksen osa 1`] = `
Object {
  "esikatselu": false,
  "esittely": Object {
    "fi": "<p><em>Fi esittely</em></p>",
    "sv": "<p><em>Sv esittely</em></p>",
  },
  "hakijapalveluidenYhteystiedot": null,
  "kieliversiot": Array [
    "fi",
    "sv",
  ],
  "oppilaitosOid": "888.888.888",
  "perustiedot": Object {
    "jarjestaaUrheilijanAmmKoulutusta": false,
    "kampus": Object {
      "fi": "Fi kampus",
      "sv": "Sv kampus",
    },
    "opiskelijoita": 100,
    "wwwSivuNimi": Object {
      "fi": "Verkkosivu fi",
      "sv": "Verkkosivu sv",
    },
    "wwwSivuUrl": Object {
      "fi": "www.verkkosivu.fi",
      "sv": "www.verkkosivu.sv",
    },
  },
  "teemakuva": undefined,
  "tila": "tallennettu",
}
`;
