// Vitest Snapshot v1, https://vitest.dev/guide/snapshot.html

exports[`getFormValuesByOppilaitoksenOsa returns correct form values given oppilaitoksen osa 1`] = `
{
  "esikatselu": false,
  "esittely": {
    "fi": "<p><em>Fi esittely</em></p>",
    "sv": "<p><em>Sv esittely</em></p>",
  },
  "hakijapalveluidenYhteystiedot": null,
  "kieliversiot": [
    "fi",
    "sv",
  ],
  "oppilaitosOid": "888.888.888",
  "perustiedot": {
    "jarjestaaUrheilijanAmmKoulutusta": false,
    "kampus": {
      "fi": "Fi kampus",
      "sv": "Sv kampus",
    },
    "opiskelijoita": 100,
    "wwwSivuNimi": {
      "fi": "Verkkosivu fi",
      "sv": "Verkkosivu sv",
    },
    "wwwSivuUrl": {
      "fi": "www.verkkosivu.fi",
      "sv": "www.verkkosivu.sv",
    },
  },
  "teemakuvaOrEsittelyvideo": {
    "esittelyvideoUrl": {},
    "mediaType": "teemakuva",
    "teemakuvaUrl": undefined,
  },
  "tila": "tallennettu",
}
`;
