// Jest Snapshot v1, https://goo.gl/fbAQLP

exports[`getFormValuesByOppilaitoksenOsa returns correct form values given oppilaitoksen osa 1`] = `
Object {
  "esikatselu": false,
  "esittely": Object {
    "fi": "<p><em>Fi esittely</em></p>",
    "sv": "<p><em>Sv esittely</em></p>",
  },
  "kieliversiot": Array [
    "fi",
    "sv",
  ],
  "oppilaitosOid": "888.888.888",
  "perustiedot": Object {
    "kampus": Object {
      "fi": "Fi kampus",
      "sv": "Sv kampus",
    },
    "opiskelijoita": 100,
  },
  "teemakuva": undefined,
  "tila": "tallennettu",
  "yhteystiedot": Array [
    Object {
      "nimi": Object {
        "fi": "Yhteystiedon nimi",
        "sv": "Yhteystiedon nimi sv",
      },
      "osoite": Object {
        "fi": "Fi osoite",
        "sv": "Sv osoite",
      },
      "postinumero": Object {
        "value": "postinumero_1#1",
      },
      "puhelinnumero": Object {
        "fi": "1234",
        "sv": "5678",
      },
      "sahkoposti": Object {
        "fi": "fi@sahkoposti.fi",
        "sv": "sv@sahkoposti.sv",
      },
      "verkkosivu": Object {
        "fi": "www.verkkosivu.fi",
        "sv": "www.verkkosivu.sv",
      },
    },
  ],
}
`;
