// Jest Snapshot v1, https://goo.gl/fbAQLP

exports[`getOppilaitoksenOsaByFormValues returns correct oppilaitoksen osa given form values 1`] = `
Object {
  "esikatselu": false,
  "kielivalinta": Array [
    "fi",
    "sv",
  ],
  "metadata": Object {
    "esittely": Object {
      "fi": "<p><em>Fi esittely</em></p>",
      "sv": "<p><em>Sv esittely</em></p>",
    },
    "kampus": Object {
      "fi": "Fi kampus",
      "sv": "Sv kampus",
    },
    "opiskelijoita": 100,
    "yhteystiedot": Array [
      Object {
        "nimi": Object {
          "fi": "Yhteystiedon nimi",
          "sv": "Yhteystiedon nimi sv",
        },
        "osoite": Object {
          "osoite": Object {
            "fi": "Fi osoite",
            "sv": "Sv osoite",
          },
          "postinumeroKoodiUri": "postinumero_1#1",
        },
        "puhelinnumero": Object {
          "fi": "1234",
          "sv": "5678",
        },
        "sahkoposti": Object {
          "fi": "fi@sahkoposti.fi",
          "sv": "sv@sahkoposti.sv",
        },
        "wwwSivu": Object {
          "fi": "www.verkkosivu.fi",
          "sv": "www.verkkosivu.sv",
        },
      },
    ],
  },
  "muokkaaja": "1.1.1.1",
  "oppilaitosOid": "888.888.888",
  "teemakuva": undefined,
  "tila": "tallennettu",
}
`;
