// Jest Snapshot v1, https://goo.gl/fbAQLP

exports[`renders correctly 1`] = `
.c0 {
  font-family: 'Roboto',sans-serif;
  font-size: 1rem;
  display: -webkit-box;
  display: -webkit-flex;
  display: -ms-flexbox;
  display: flex;
  line-height: 1.5;
  color: #666666;
  -webkit-align-items: center;
  -webkit-box-align: center;
  -ms-flex-align: center;
  align-items: center;
}

.c3 {
  -webkit-flex: 1;
  -ms-flex: 1;
  flex: 1;
  margin-left: 6px;
}

.c1 {
  -webkit-flex: 0;
  -ms-flex: 0;
  flex: 0;
}

.c2 {
  font-size: inherit;
}

<styled.label
  disabled={false}
>
  <label
    className="c0"
    disabled={false}
  >
    <styled.div>
      <div
        className="c1"
      >
        <styled.input
          disabled={false}
        >
          <input
            className="c2"
            disabled={false}
            type="checkbox"
          />
        </styled.input>
      </div>
    </styled.div>
    <styled.div
      disabled={false}
    >
      <div
        className="c3"
        disabled={false}
      >
        Checkbox
      </div>
    </styled.div>
  </label>
</styled.label>
`;
